// Jest Snapshot v1, https://goo.gl/fbAQLP

exports[`WelcomeScreen renders correctly 1`] = `
<View
  style={
    {
      "flexDirection": "column",
    }
  }
/>
`;
